// Vitest Snapshot v1, https://vitest.dev/guide/snapshot.html

exports[`unit:lib/cwd > should return URL of current working directory 1`] = `file://\${process.cwd()}/`;
