// Vitest Snapshot v1, https://vitest.dev/guide/snapshot.html

exports[`unit:lib/getSource > should throw on unsupported url scheme (%#) 1`] = `[Error: Only URLs with a scheme in: file are supported by the default ESM loader. Received protocol 'git:']`;
