// Vitest Snapshot v1, https://vitest.dev/guide/snapshot.html

exports[`unit:lib/lookupPackageScope > should return URL of package directory (0) 1`] = `file://\${process.cwd()}/`;

exports[`unit:lib/lookupPackageScope > should return URL of package directory (1) 1`] = `file://\${process.cwd()}/`;

exports[`unit:lib/lookupPackageScope > should return URL of package directory (2) 1`] = `file://\${process.cwd()}/`;

exports[`unit:lib/lookupPackageScope > should return URL of package directory (3) 1`] = `file://\${process.cwd()}/node_modules/@commitlint/cli/`;

exports[`unit:lib/lookupPackageScope > should return URL of package directory (4) 1`] = `file://\${process.cwd()}/node_modules/@commitlint/cli/node_modules/@commitlint/config-validator/`;

exports[`unit:lib/lookupPackageScope > should return URL of package directory (5) 1`] = `file://\${process.cwd()}/node_modules/esbuild/`;
